Warning: Image directory E:\a_shangzhan\traditional_chinese_medicine\backend\source_data\dishes_images does not exist
2026-01-30 12:26:43,883 INFO sqlalchemy.engine.Engine BEGIN (implicit)
2026-01-30 12:26:43,886 INFO sqlalchemy.engine.Engine SELECT recipes.id AS recipes_id, recipes.name AS recipes_name, recipes.type AS recipes_type, recipes.difficulty AS recipes_difficulty, recipes.cook_time AS recipes_cook_time, recipes.cooking_time AS recipes_cooking_time, recipes.servings AS recipes_servings, recipes.description AS recipes_description, recipes."desc" AS recipes_desc, recipes.tip AS recipes_tip, recipes.suitable_constitutions AS recipes_suitable_constitutions, recipes.avoid_constitutions AS recipes_avoid_constitutions, recipes.symptoms AS recipes_symptoms, recipes.suitable_seasons AS recipes_suitable_seasons, recipes.efficacy_tags AS recipes_efficacy_tags, recipes.solar_terms AS recipes_solar_terms, recipes.ingredients AS recipes_ingredients, recipes.steps AS recipes_steps, recipes.efficacy AS recipes_efficacy, recipes.health_benefits AS recipes_health_benefits, recipes.precautions AS recipes_precautions, recipes.calories AS recipes_calories, recipes.protein AS recipes_protein, recipes.fat AS recipes_fat, recipes.carbohydrates AS recipes_carbohydrates, recipes.carbs AS recipes_carbs, recipes.dietary_fiber AS recipes_dietary_fiber, recipes.nutrition_summary AS recipes_nutrition_summary, recipes.key_nutrients AS recipes_key_nutrients, recipes.cooking_method AS recipes_cooking_method, recipes.cooking_temperature AS recipes_cooking_temperature, recipes.nutrition_tips AS recipes_nutrition_tips, recipes.tcm_efficacy AS recipes_tcm_efficacy, recipes.tcm_target AS recipes_tcm_target, recipes.contraindications AS recipes_contraindications, recipes.tags AS recipes_tags, recipes.meal_type AS recipes_meal_type, recipes.image_url AS recipes_image_url, recipes.cover_image AS recipes_cover_image, recipes.source AS recipes_source, recipes.view_count AS recipes_view_count, recipes.favorite_count AS recipes_favorite_count, recipes.rating AS recipes_rating, recipes.review_count AS recipes_review_count, recipes.is_published AS recipes_is_published, recipes.created_at AS recipes_created_at, recipes.updated_at AS recipes_updated_at, recipes.is_deleted AS recipes_is_deleted 
FROM recipes 
WHERE recipes.name = ?
 LIMIT ? OFFSET ?
2026-01-30 12:26:43,886 INFO sqlalchemy.engine.Engine [generated in 0.00029s] ('—≈øÕ≤Ë∞Ë', 1, 0)
2026-01-30 12:26:43,886 INFO sqlalchemy.engine.Engine ROLLBACK
2026-01-30 12:26:43,887 INFO sqlalchemy.engine.Engine BEGIN (implicit)
2026-01-30 12:26:43,887 INFO sqlalchemy.engine.Engine SELECT recipes.id AS recipes_id, recipes.name AS recipes_name, recipes.type AS recipes_type, recipes.difficulty AS recipes_difficulty, recipes.cook_time AS recipes_cook_time, recipes.cooking_time AS recipes_cooking_time, recipes.servings AS recipes_servings, recipes.description AS recipes_description, recipes."desc" AS recipes_desc, recipes.tip AS recipes_tip, recipes.suitable_constitutions AS recipes_suitable_constitutions, recipes.avoid_constitutions AS recipes_avoid_constitutions, recipes.symptoms AS recipes_symptoms, recipes.suitable_seasons AS recipes_suitable_seasons, recipes.efficacy_tags AS recipes_efficacy_tags, recipes.solar_terms AS recipes_solar_terms, recipes.ingredients AS recipes_ingredients, recipes.steps AS recipes_steps, recipes.efficacy AS recipes_efficacy, recipes.health_benefits AS recipes_health_benefits, recipes.precautions AS recipes_precautions, recipes.calories AS recipes_calories, recipes.protein AS recipes_protein, recipes.fat AS recipes_fat, recipes.carbohydrates AS recipes_carbohydrates, recipes.carbs AS recipes_carbs, recipes.dietary_fiber AS recipes_dietary_fiber, recipes.nutrition_summary AS recipes_nutrition_summary, recipes.key_nutrients AS recipes_key_nutrients, recipes.cooking_method AS recipes_cooking_method, recipes.cooking_temperature AS recipes_cooking_temperature, recipes.nutrition_tips AS recipes_nutrition_tips, recipes.tcm_efficacy AS recipes_tcm_efficacy, recipes.tcm_target AS recipes_tcm_target, recipes.contraindications AS recipes_contraindications, recipes.tags AS recipes_tags, recipes.meal_type AS recipes_meal_type, recipes.image_url AS recipes_image_url, recipes.cover_image AS recipes_cover_image, recipes.source AS recipes_source, recipes.view_count AS recipes_view_count, recipes.favorite_count AS recipes_favorite_count, recipes.rating AS recipes_rating, recipes.review_count AS recipes_review_count, recipes.is_published AS recipes_is_published, recipes.created_at AS recipes_created_at, recipes.updated_at AS recipes_updated_at, recipes.is_deleted AS recipes_is_deleted 
FROM recipes 
WHERE recipes.name = ?
 LIMIT ? OFFSET ?
2026-01-30 12:26:43,887 INFO sqlalchemy.engine.Engine [cached since 0.001486s ago] ('◊Œ»ªœ„øæ∂π∏Ø', 1, 0)
2026-01-30 12:26:43,887 INFO sqlalchemy.engine.Engine ROLLBACK
2026-01-30 12:26:43,888 INFO sqlalchemy.engine.Engine BEGIN (implicit)
2026-01-30 12:26:43,888 INFO sqlalchemy.engine.Engine SELECT recipes.id AS recipes_id, recipes.name AS recipes_name, recipes.type AS recipes_type, recipes.difficulty AS recipes_difficulty, recipes.cook_time AS recipes_cook_time, recipes.cooking_time AS recipes_cooking_time, recipes.servings AS recipes_servings, recipes.description AS recipes_description, recipes."desc" AS recipes_desc, recipes.tip AS recipes_tip, recipes.suitable_constitutions AS recipes_suitable_constitutions, recipes.avoid_constitutions AS recipes_avoid_constitutions, recipes.symptoms AS recipes_symptoms, recipes.suitable_seasons AS recipes_suitable_seasons, recipes.efficacy_tags AS recipes_efficacy_tags, recipes.solar_terms AS recipes_solar_terms, recipes.ingredients AS recipes_ingredients, recipes.steps AS recipes_steps, recipes.efficacy AS recipes_efficacy, recipes.health_benefits AS recipes_health_benefits, recipes.precautions AS recipes_precautions, recipes.calories AS recipes_calories, recipes.protein AS recipes_protein, recipes.fat AS recipes_fat, recipes.carbohydrates AS recipes_carbohydrates, recipes.carbs AS recipes_carbs, recipes.dietary_fiber AS recipes_dietary_fiber, recipes.nutrition_summary AS recipes_nutrition_summary, recipes.key_nutrients AS recipes_key_nutrients, recipes.cooking_method AS recipes_cooking_method, recipes.cooking_temperature AS recipes_cooking_temperature, recipes.nutrition_tips AS recipes_nutrition_tips, recipes.tcm_efficacy AS recipes_tcm_efficacy, recipes.tcm_target AS recipes_tcm_target, recipes.contraindications AS recipes_contraindications, recipes.tags AS recipes_tags, recipes.meal_type AS recipes_meal_type, recipes.image_url AS recipes_image_url, recipes.cover_image AS recipes_cover_image, recipes.source AS recipes_source, recipes.view_count AS recipes_view_count, recipes.favorite_count AS recipes_favorite_count, recipes.rating AS recipes_rating, recipes.review_count AS recipes_review_count, recipes.is_published AS recipes_is_published, recipes.created_at AS recipes_created_at, recipes.updated_at AS recipes_updated_at, recipes.is_deleted AS recipes_is_deleted 
FROM recipes 
WHERE recipes.name = ?
 LIMIT ? OFFSET ?
2026-01-30 12:26:43,888 INFO sqlalchemy.engine.Engine [cached since 0.002302s ago] ('π˚ ﬂ…≥¿≠', 1, 0)
2026-01-30 12:26:43,888 INFO sqlalchemy.engine.Engine ROLLBACK
2026-01-30 12:26:43,888 INFO sqlalchemy.engine.Engine BEGIN (implicit)
2026-01-30 12:26:43,889 INFO sqlalchemy.engine.Engine SELECT recipes.id AS recipes_id, recipes.name AS recipes_name, recipes.type AS recipes_type, recipes.difficulty AS recipes_difficulty, recipes.cook_time AS recipes_cook_time, recipes.cooking_time AS recipes_cooking_time, recipes.servings AS recipes_servings, recipes.description AS recipes_description, recipes."desc" AS recipes_desc, recipes.tip AS recipes_tip, recipes.suitable_constitutions AS recipes_suitable_constitutions, recipes.avoid_constitutions AS recipes_avoid_constitutions, recipes.symptoms AS recipes_symptoms, recipes.suitable_seasons AS recipes_suitable_seasons, recipes.efficacy_tags AS recipes_efficacy_tags, recipes.solar_terms AS recipes_solar_terms, recipes.ingredients AS recipes_ingredients, recipes.steps AS recipes_steps, recipes.efficacy AS recipes_efficacy, recipes.health_benefits AS recipes_health_benefits, recipes.precautions AS recipes_precautions, recipes.calories AS recipes_calories, recipes.protein AS recipes_protein, recipes.fat AS recipes_fat, recipes.carbohydrates AS recipes_carbohydrates, recipes.carbs AS recipes_carbs, recipes.dietary_fiber AS recipes_dietary_fiber, recipes.nutrition_summary AS recipes_nutrition_summary, recipes.key_nutrients AS recipes_key_nutrients, recipes.cooking_method AS recipes_cooking_method, recipes.cooking_temperature AS recipes_cooking_temperature, recipes.nutrition_tips AS recipes_nutrition_tips, recipes.tcm_efficacy AS recipes_tcm_efficacy, recipes.tcm_target AS recipes_tcm_target, recipes.contraindications AS recipes_contraindications, recipes.tags AS recipes_tags, recipes.meal_type AS recipes_meal_type, recipes.image_url AS recipes_image_url, recipes.cover_image AS recipes_cover_image, recipes.source AS recipes_source, recipes.view_count AS recipes_view_count, recipes.favorite_count AS recipes_favorite_count, recipes.rating AS recipes_rating, recipes.review_count AS recipes_review_count, recipes.is_published AS recipes_is_published, recipes.created_at AS recipes_created_at, recipes.updated_at AS recipes_updated_at, recipes.is_deleted AS recipes_is_deleted 
FROM recipes 
WHERE recipes.name = ?
 LIMIT ? OFFSET ?
2026-01-30 12:26:43,889 INFO sqlalchemy.engine.Engine [cached since 0.003022s ago] ('”Û‘≤∫Ï∂πÃ¿', 1, 0)
2026-01-30 12:26:43,889 INFO sqlalchemy.engine.Engine ROLLBACK
2026-01-30 12:26:43,889 INFO sqlalchemy.engine.Engine BEGIN (implicit)
2026-01-30 12:26:43,889 INFO sqlalchemy.engine.Engine SELECT recipes.id AS recipes_id, recipes.name AS recipes_name, recipes.type AS recipes_type, recipes.difficulty AS recipes_difficulty, recipes.cook_time AS recipes_cook_time, recipes.cooking_time AS recipes_cooking_time, recipes.servings AS recipes_servings, recipes.description AS recipes_description, recipes."desc" AS recipes_desc, recipes.tip AS recipes_tip, recipes.suitable_constitutions AS recipes_suitable_constitutions, recipes.avoid_constitutions AS recipes_avoid_constitutions, recipes.symptoms AS recipes_symptoms, recipes.suitable_seasons AS recipes_suitable_seasons, recipes.efficacy_tags AS recipes_efficacy_tags, recipes.solar_terms AS recipes_solar_terms, recipes.ingredients AS recipes_ingredients, recipes.steps AS recipes_steps, recipes.efficacy AS recipes_efficacy, recipes.health_benefits AS recipes_health_benefits, recipes.precautions AS recipes_precautions, recipes.calories AS recipes_calories, recipes.protein AS recipes_protein, recipes.fat AS recipes_fat, recipes.carbohydrates AS recipes_carbohydrates, recipes.carbs AS recipes_carbs, recipes.dietary_fiber AS recipes_dietary_fiber, recipes.nutrition_summary AS recipes_nutrition_summary, recipes.key_nutrients AS recipes_key_nutrients, recipes.cooking_method AS recipes_cooking_method, recipes.cooking_temperature AS recipes_cooking_temperature, recipes.nutrition_tips AS recipes_nutrition_tips, recipes.tcm_efficacy AS recipes_tcm_efficacy, recipes.tcm_target AS recipes_tcm_target, recipes.contraindications AS recipes_contraindications, recipes.tags AS recipes_tags, recipes.meal_type AS recipes_meal_type, recipes.image_url AS recipes_image_url, recipes.cover_image AS recipes_cover_image, recipes.source AS recipes_source, recipes.view_count AS recipes_view_count, recipes.favorite_count AS recipes_favorite_count, recipes.rating AS recipes_rating, recipes.review_count AS recipes_review_count, recipes.is_published AS recipes_is_published, recipes.created_at AS recipes_created_at, recipes.updated_at AS recipes_updated_at, recipes.is_deleted AS recipes_is_deleted 
FROM recipes 
WHERE recipes.name = ?
 LIMIT ? OFFSET ?
2026-01-30 12:26:43,889 INFO sqlalchemy.engine.Engine [cached since 0.003628s ago] ('∫Ï…’±‚”„', 1, 0)
2026-01-30 12:26:43,889 INFO sqlalchemy.engine.Engine ROLLBACK
